=== fresh boot detected, sampling ===
---- uptime 23.50  no link yet
----
uptime 32.65
con 	> ACL 20:64:DE:CF:F3:AD handle 14 state 1 lm CENTRAL AUTH ENCRYPT 
role CENTRAL
direction inbound
afh 000080ffffffffffff7f
afh_channels 56
link_quality 255
rssi 0
state "active"
volume 106
configuration 4 17 21 2 53
----
uptime 42.17
con 	> ACL 20:64:DE:CF:F3:AD handle 14 state 1 lm CENTRAL AUTH ENCRYPT 
role CENTRAL
direction inbound
afh 000000fcffffffffff3f
afh_channels 52
link_quality 255
rssi 0
state "active"
volume 106
configuration 4 17 21 2 53
----
vaino-linkstate: no speaker address
----
uptime 61.39
con 	> ACL 20:64:DE:CF:F3:AD handle 14 state 1 lm CENTRAL AUTH ENCRYPT 
role CENTRAL
direction inbound
afh 000000fcfff7ffffff3f
afh_channels 51
link_quality 255
rssi 0
state "active"
volume 106
configuration 4 17 21 2 53
----
uptime 70.75
con 	> ACL 20:64:DE:CF:F3:AD handle 14 state 1 lm CENTRAL AUTH ENCRYPT 
role CENTRAL
direction inbound
afh 000000fcfff7ffffff3f
afh_channels 51
link_quality 255
rssi 0
state "active"
volume 106
configuration 4 17 21 2 53
----
uptime 80.09
con 	> ACL 20:64:DE:CF:F3:AD handle 14 state 1 lm CENTRAL AUTH ENCRYPT 
role CENTRAL
direction inbound
afh 000000fcfff7ffffff3f
afh_channels 51
link_quality 255
rssi 0
state "active"
volume 106
configuration 4 17 21 2 53
----
uptime 89.43
con 	> ACL 20:64:DE:CF:F3:AD handle 14 state 1 lm CENTRAL AUTH ENCRYPT 
role CENTRAL
direction inbound
afh 000000fcfff7ffffff3f
afh_channels 51
link_quality 255
rssi 0
state "active"
volume 106
configuration 4 17 21 2 53
----
uptime 98.78
con 	> ACL 20:64:DE:CF:F3:AD handle 14 state 1 lm CENTRAL AUTH ENCRYPT 
role CENTRAL
direction inbound
afh 000000fcfff7ffffff3f
afh_channels 51
link_quality 255
rssi 0
state "active"
volume 106
configuration 4 17 21 2 53
----
uptime 108.10
con 	> ACL 20:64:DE:CF:F3:AD handle 14 state 1 lm CENTRAL AUTH ENCRYPT 
role CENTRAL
direction inbound
afh 000000fcfff7ffffff3f
afh_channels 51
link_quality 255
rssi 0
state "active"
volume 106
configuration 4 17 21 2 53
----
uptime 117.44
con 	> ACL 20:64:DE:CF:F3:AD handle 14 state 1 lm CENTRAL AUTH ENCRYPT 
role CENTRAL
direction inbound
afh 000000fcfff7ffffff3f
afh_channels 51
link_quality 255
rssi 0
state "active"
volume 106
configuration 4 17 21 2 53
----
uptime 126.76
con 	> ACL 20:64:DE:CF:F3:AD handle 14 state 1 lm CENTRAL AUTH ENCRYPT 
role CENTRAL
direction inbound
afh 000000fcffffffffff3f
afh_channels 52
link_quality 255
rssi 0
state "active"
volume 106
configuration 4 17 21 2 53
----
uptime 136.08
con 	> ACL 20:64:DE:CF:F3:AD handle 14 state 1 lm CENTRAL AUTH ENCRYPT 
role CENTRAL
direction inbound
afh 0000007cffffffffff3f
afh_channels 51
link_quality 255
rssi 0
state "active"
volume 106
configuration 4 17 21 2 53
----
uptime 145.40
con 	> ACL 20:64:DE:CF:F3:AD handle 14 state 1 lm CENTRAL AUTH ENCRYPT 
role CENTRAL
direction inbound
afh 0000007cffffffffff3f
afh_channels 51
link_quality 255
rssi 0
state "active"
volume 106
configuration 4 17 21 2 53
----
uptime 154.72
con 	> ACL 20:64:DE:CF:F3:AD handle 14 state 1 lm CENTRAL AUTH ENCRYPT 
role CENTRAL
direction inbound
afh 0000007cffffffffff3f
afh_channels 51
link_quality 255
rssi 0
state "active"
volume 106
configuration 4 17 21 2 53
----
uptime 164.01
con 	> ACL 20:64:DE:CF:F3:AD handle 14 state 1 lm CENTRAL AUTH ENCRYPT 
role CENTRAL
direction inbound
afh 0000007cffffffffff3f
afh_channels 51
link_quality 255
rssi 0
state "active"
volume 106
configuration 4 17 21 2 53
----
uptime 173.31
con 	> ACL 20:64:DE:CF:F3:AD handle 14 state 1 lm CENTRAL AUTH ENCRYPT 
role CENTRAL
direction inbound
afh 0000007cffffffffff3f
afh_channels 51
link_quality 255
rssi 0
state "active"
volume 106
configuration 4 17 21 2 53
----
uptime 182.64
con 	> ACL 20:64:DE:CF:F3:AD handle 14 state 1 lm CENTRAL AUTH ENCRYPT 
role CENTRAL
direction inbound
afh 0000007cffffffffff3f
afh_channels 51
link_quality 255
rssi 0
state "active"
volume 106
configuration 4 17 21 2 53
----
uptime 191.96
con 	> ACL 20:64:DE:CF:F3:AD handle 14 state 1 lm CENTRAL AUTH ENCRYPT 
role CENTRAL
direction inbound
afh 0000007cffffffffff3f
afh_channels 51
link_quality 255
rssi 0
state "active"
volume 106
configuration 4 17 21 2 53
----
uptime 201.25
con 	> ACL 20:64:DE:CF:F3:AD handle 14 state 1 lm CENTRAL AUTH ENCRYPT 
role CENTRAL
direction inbound
afh 0000007cffffffffff3f
afh_channels 51
link_quality 255
rssi 0
state "active"
volume 106
configuration 4 17 21 2 53
----
uptime 210.56
con 	> ACL 20:64:DE:CF:F3:AD handle 14 state 1 lm CENTRAL AUTH ENCRYPT 
role CENTRAL
direction inbound
afh 000000dcffffffffff3f
afh_channels 51
link_quality 255
rssi 0
state "active"
volume 106
configuration 4 17 21 2 53
----
uptime 219.92
con 	> ACL 20:64:DE:CF:F3:AD handle 14 state 1 lm CENTRAL AUTH ENCRYPT 
role CENTRAL
direction inbound
afh 000000dcffffffffff3f
afh_channels 51
link_quality 255
rssi 0
state "active"
volume 106
configuration 4 17 21 2 53

[exited with code 0]
